// Jest Snapshot v1, https://goo.gl/fbAQLP

exports[`App renders correctly 1`] = `
<div
  className="calculator"
>
  <header
    className="header"
  >
    <h1
      className="logo"
    >
      Math Magicians
    </h1>
    <div
      className="right_side"
    >
      <a
        className="menu_link"
        href="/"
        onClick={[Function]}
      >
        Home
      </a>
      <a
        className="menu_link"
        href="/calculator"
        onClick={[Function]}
      >
        Calculator
      </a>
      <a
        className="menu_link"
        href="/Quotes"
        onClick={[Function]}
      >
        Quotes
      </a>
    </div>
  </header>
  <header
    className="div_header"
  >
    <h3
      className="text_title"
    >
      Welcome to our page !
    </h3>
    <p>
      In hac habitasse platea dictumst vestibulum. Aliquet porttitor lacus luctus accumsan. Scelerisque purus semper eget duis at tellus at. In fermentum et sollicitudin ac orci phasellus egestas tellus. Cursus turpis massa tincidunt dui ut ornare. Id leo in vitae turpis massa sed elementum tempus egestas. Vestibulum mattis ullamcorper velit sed ullamcorper morbi tincidunt ornare massa. Ultrices eros in cursus turpis massa tincidunt dui. Iaculis at erat pellentesque adipiscing commodo elit. Vitae ultricies leo integer malesuada nunc vel. Massa massa ultricies mi quis hendrerit dolor magna. Nibh tortor id aliquet lectus proin nibh nisl. Est sit amet facilisis magna etiam tempor orci eu. Ut sem viverra aliquet eget sit amet tellus. Pharetra massa massa ultricies mi quis hendrerit dolor magna.
    </p>
    <p>
      In hac habitasse platea dictumst vestibulum. Aliquet porttitor lacus luctus accumsan. Scelerisque purus semper eget duis at tellus at. In fermentum et sollicitudin ac orci phasellus egestas tellus. Cursus turpis massa tincidunt dui ut ornare. Id leo in vitae turpis massa sed elementum tempus egestas. Ve stibulum mattis ullamcorper velit sed ullamcorper morbi tincidunt ornare massa. Ultrices eros in cursus turpis massa tincidunt dui. Iaculis at erat pellentesque adipiscing commodo elit . Vitae ultricies leo integer malesuada nunc vel. Massa massa ultricies mi quis hendrerit dolor magna. Nibh tortor id aliquet lectus proin nibh nisl. Est sit amet facilisis magna etiam tempor orci eu. Ut sem viverra aliquet eget sit amet tellus. Pharetra massa massa ultricies mi quis hendrerit dolor magna.
    </p>
    <p
      className="text-center"
    >
      By Arnaud
    </p>
  </header>
</div>
`;
